******************************************************************************
             TMS320C2000 Linker PC v18.12.2                    
******************************************************************************
>> Linked Thu Oct  8 23:18:06 2020

OUTPUT FILE NAME:   <../etc_motorDriverTest.out>
ENTRY POINT SYMBOL: "_c_int00"  address: 000842e8


MEMORY CONFIGURATION

         name            origin    length      used     unused   attr    fill
----------------------  --------  ---------  --------  --------  ----  --------
PAGE 0:
  BEGIN                 00000000   00000002  00000000  00000002  RWIX
  RAMLS_PROG            00008000   00003000  00000116  00002eea  RWIX
  BEGIN_FLASH           00080000   00000002  00000002  00000000  RWIX
  FLASHA_N              00080002   0003fffe  00004f40  0003b0be  RWIX
  RESET                 003fffc0   00000002  00000000  00000002  RWIX

PAGE 1:
  BOOT_RSVD             00000002   00000120  00000000  00000120  RWIX
  RAMM0M1               00000122   000006de  00000400  000002de  RWIX
  ADCA_RESULT           00000b00   00000020  00000018  00000008  RWIX
  ADCB_RESULT           00000b20   00000020  00000018  00000008  RWIX
  ADCC_RESULT           00000b40   00000020  00000018  00000008  RWIX
  ADCD_RESULT           00000b60   00000020  00000018  00000008  RWIX
  CPU_TIMER0            00000c00   00000008  00000008  00000000  RWIX
  CPU_TIMER1            00000c08   00000008  00000008  00000000  RWIX
  CPU_TIMER2            00000c10   00000008  00000008  00000000  RWIX
  PIE_CTRL              00000ce0   00000020  0000001a  00000006  RWIX
  PIE_VECT              00000d00   00000200  000001c0  00000040  RWIX
  DMA                   00001000   00000200  000000e0  00000120  RWIX
  CLA1                  00001400   00000040  0000003e  00000002  RWIX
  CLA1_MSGRAMLOW        00001480   00000080  00000000  00000080  RWIX
  CLA1_MSGRAMHIGH       00001500   00000080  00000000  00000080  RWIX
  EPWM1                 00004000   00000100  00000100  00000000  RWIX
  EPWM2                 00004100   00000100  00000100  00000000  RWIX
  EPWM3                 00004200   00000100  00000100  00000000  RWIX
  EPWM4                 00004300   00000100  00000100  00000000  RWIX
  EPWM5                 00004400   00000100  00000100  00000000  RWIX
  EPWM6                 00004500   00000100  00000100  00000000  RWIX
  EPWM7                 00004600   00000100  00000100  00000000  RWIX
  EPWM8                 00004700   00000100  00000100  00000000  RWIX
  EPWM9                 00004800   00000100  00000100  00000000  RWIX
  EPWM10                00004900   00000100  00000100  00000000  RWIX
  EPWM11                00004a00   00000100  00000100  00000000  RWIX
  EPWM12                00004b00   00000100  00000100  00000000  RWIX
  ECAP1                 00005000   00000020  00000020  00000000  RWIX
  ECAP2                 00005020   00000020  00000020  00000000  RWIX
  ECAP3                 00005040   00000020  00000020  00000000  RWIX
  ECAP4                 00005060   00000020  00000020  00000000  RWIX
  ECAP5                 00005080   00000020  00000020  00000000  RWIX
  ECAP6                 000050a0   00000020  00000020  00000000  RWIX
  EQEP1                 00005100   00000040  00000022  0000001e  RWIX
  EQEP2                 00005140   00000040  00000022  0000001e  RWIX
  EQEP3                 00005180   00000040  00000022  0000001e  RWIX
  DACA                  00005c00   00000010  00000008  00000008  RWIX
  DACB                  00005c10   00000010  00000008  00000008  RWIX
  DACC                  00005c20   00000010  00000008  00000008  RWIX
  CMPSS1                00005c80   00000020  00000020  00000000  RWIX
  CMPSS2                00005ca0   00000020  00000020  00000000  RWIX
  CMPSS3                00005cc0   00000020  00000020  00000000  RWIX
  CMPSS4                00005ce0   00000020  00000020  00000000  RWIX
  CMPSS5                00005d00   00000020  00000020  00000000  RWIX
  CMPSS6                00005d20   00000020  00000020  00000000  RWIX
  CMPSS7                00005d40   00000020  00000020  00000000  RWIX
  CMPSS8                00005d60   00000020  00000020  00000000  RWIX
  SDFM1                 00005e00   00000080  00000080  00000000  RWIX
  SDFM2                 00005e80   00000080  00000080  00000000  RWIX
  MCBSPA                00006000   00000040  00000024  0000001c  RWIX
  MCBSPB                00006040   00000040  00000024  0000001c  RWIX
  SPIA                  00006100   00000010  00000010  00000000  RWIX
  SPIB                  00006110   00000010  00000010  00000000  RWIX
  SPIC                  00006120   00000010  00000010  00000000  RWIX
  SPID                  00006130   00000010  00000000  00000010  RWIX
  UPP                   00006200   00000100  00000048  000000b8  RWIX
  WD                    00007000   00000040  0000002b  00000015  RWIX
  NMIINTRUPT            00007060   00000010  00000007  00000009  RWIX
  XINT                  00007070   00000010  0000000b  00000005  RWIX
  SCIA                  00007200   00000010  00000010  00000000  RWIX
  SCIB                  00007210   00000010  00000010  00000000  RWIX
  SCIC                  00007220   00000010  00000010  00000000  RWIX
  SCID                  00007230   00000010  00000010  00000000  RWIX
  I2CA                  00007300   00000040  00000022  0000001e  RWIX
  I2CB                  00007340   00000040  00000022  0000001e  RWIX
  ADCA                  00007400   00000080  00000080  00000000  RWIX
  ADCB                  00007480   00000080  00000080  00000000  RWIX
  ADCC                  00007500   00000080  00000080  00000000  RWIX
  ADCD                  00007580   00000080  00000080  00000000  RWIX
  INPUT_XBAR            00007900   00000020  00000020  00000000  RWIX
  XBAR                  00007920   00000020  00000020  00000000  RWIX
  SYNC_SOC              00007940   00000010  00000006  0000000a  RWIX
  DMACLASRCSEL          00007980   00000040  0000001a  00000026  RWIX
  EPWM_XBAR             00007a00   00000040  00000040  00000000  RWIX
  CLB_XBAR              00007a40   00000040  00000000  00000040  RWIX
  OUTPUT_XBAR           00007a80   00000040  00000040  00000000  RWIX
  GPIOCTRL              00007c00   00000180  00000180  00000000  RWIX
  GPIODAT               00007f00   00000030  00000030  00000000  RWIX
  RAMD0D1               0000b000   00001000  00000400  00000c00  RWIX
  RAMGS_DATA            0000c000   00010000  00000360  0000fca0  RWIX
  EMIF1                 00047000   00000800  00000070  00000790  RWIX
  EMIF2                 00047800   00000800  00000070  00000790  RWIX
  FLASHPUMPSEMAPHORE    00050024   00000002  00000002  00000000  RWIX
  DEV_CFG               0005d000   00000180  0000012e  00000052  RWIX
  ANALOG_SUBSYS         0005d180   00000080  00000048  00000038  RWIX
  CLK_CFG               0005d200   00000100  00000032  000000ce  RWIX
  CPU_SYS               0005d300   00000100  00000082  0000007e  RWIX
  ROMPREFETCH           0005e608   00000002  00000002  00000000  RWIX
  DCSM_Z1               0005f000   00000030  00000024  0000000c  RWIX
  DCSM_Z2               0005f040   00000030  00000024  0000000c  RWIX
  DCSM_COMMON           0005f070   00000010  00000008  00000008  RWIX
  MEMCFG                0005f400   00000080  00000080  00000000  RWIX
  EMIF1CONFIG           0005f480   00000020  00000020  00000000  RWIX
  EMIF2CONFIG           0005f4a0   00000020  00000020  00000000  RWIX
  ACCESSPROTECTION      0005f4c0   00000040  00000040  00000000  RWIX
  MEMORYERROR           0005f500   00000040  00000040  00000000  RWIX
  ROMWAITSTATE          0005f540   00000002  00000002  00000000  RWIX
  FLASH0_CTRL           0005f800   00000300  00000182  0000017e  RWIX
  FLASH0_ECC            0005fb00   00000040  00000028  00000018  RWIX
  FLASH1_CTRL           0005fc00   00000300  00000182  0000017e  RWIX
  FLASH1_ECC            0005ff00   00000040  00000028  00000018  RWIX
  DCSM_Z1_OTP           00078000   00000020  00000020  00000000  RWIX
  DCSM_Z2_OTP           00078200   00000020  00000020  00000000  RWIX


SECTION ALLOCATION MAP

 output                                  attributes/
section   page    origin      length       input sections
--------  ----  ----------  ----------   ----------------
codestart 
*          0    00080000    00000002     
                  00080000    00000002     F2837xS_CodeStartBranch.obj (codestart)

AdcaResultFile 
*          1    00000b00    00000018     UNINITIALIZED
                  00000b00    00000018     F2837xS_GlobalVariableDefs.obj (AdcaResultFile)

AdcbResultFile 
*          1    00000b20    00000018     UNINITIALIZED
                  00000b20    00000018     F2837xS_GlobalVariableDefs.obj (AdcbResultFile)

AdccResultFile 
*          1    00000b40    00000018     UNINITIALIZED
                  00000b40    00000018     F2837xS_GlobalVariableDefs.obj (AdccResultFile)

AdcdResultFile 
*          1    00000b60    00000018     UNINITIALIZED
                  00000b60    00000018     F2837xS_GlobalVariableDefs.obj (AdcdResultFile)

CpuTimer0RegsFile 
*          1    00000c00    00000008     UNINITIALIZED
                  00000c00    00000008     F2837xS_GlobalVariableDefs.obj (CpuTimer0RegsFile)

CpuTimer1RegsFile 
*          1    00000c08    00000008     UNINITIALIZED
                  00000c08    00000008     F2837xS_GlobalVariableDefs.obj (CpuTimer1RegsFile)

CpuTimer2RegsFile 
*          1    00000c10    00000008     UNINITIALIZED
                  00000c10    00000008     F2837xS_GlobalVariableDefs.obj (CpuTimer2RegsFile)

PieCtrlRegsFile 
*          1    00000ce0    0000001a     UNINITIALIZED
                  00000ce0    0000001a     F2837xS_GlobalVariableDefs.obj (PieCtrlRegsFile)

PieVectTableFile 
*          1    00000d00    000001c0     UNINITIALIZED
                  00000d00    000001c0     F2837xS_GlobalVariableDefs.obj (PieVectTableFile)

EmuKeyVar 
*          1    00000d00    00000001     UNINITIALIZED
                  00000d00    00000001     F2837xS_GlobalVariableDefs.obj (EmuKeyVar)

EmuBModeVar 
*          1    00000d01    00000001     UNINITIALIZED
                  00000d01    00000001     F2837xS_GlobalVariableDefs.obj (EmuBModeVar)

FlashCallbackVar 
*          1    00000d02    00000000     UNINITIALIZED

FlashScalingVar 
*          1    00000d02    00000000     UNINITIALIZED

DmaRegsFile 
*          1    00001000    000000e0     UNINITIALIZED
                  00001000    000000e0     F2837xS_GlobalVariableDefs.obj (DmaRegsFile)

Cla1RegsFile 
*          1    00001400    0000003e     UNINITIALIZED
                  00001400    0000003e     F2837xS_GlobalVariableDefs.obj (Cla1RegsFile)

EPwm1RegsFile 
*          1    00004000    00000100     UNINITIALIZED
                  00004000    00000100     F2837xS_GlobalVariableDefs.obj (EPwm1RegsFile)

EPwm2RegsFile 
*          1    00004100    00000100     UNINITIALIZED
                  00004100    00000100     F2837xS_GlobalVariableDefs.obj (EPwm2RegsFile)

EPwm3RegsFile 
*          1    00004200    00000100     UNINITIALIZED
                  00004200    00000100     F2837xS_GlobalVariableDefs.obj (EPwm3RegsFile)

EPwm4RegsFile 
*          1    00004300    00000100     UNINITIALIZED
                  00004300    00000100     F2837xS_GlobalVariableDefs.obj (EPwm4RegsFile)

EPwm5RegsFile 
*          1    00004400    00000100     UNINITIALIZED
                  00004400    00000100     F2837xS_GlobalVariableDefs.obj (EPwm5RegsFile)

EPwm6RegsFile 
*          1    00004500    00000100     UNINITIALIZED
                  00004500    00000100     F2837xS_GlobalVariableDefs.obj (EPwm6RegsFile)

EPwm7RegsFile 
*          1    00004600    00000100     UNINITIALIZED
                  00004600    00000100     F2837xS_GlobalVariableDefs.obj (EPwm7RegsFile)

EPwm8RegsFile 
*          1    00004700    00000100     UNINITIALIZED
                  00004700    00000100     F2837xS_GlobalVariableDefs.obj (EPwm8RegsFile)

EPwm9RegsFile 
*          1    00004800    00000100     UNINITIALIZED
                  00004800    00000100     F2837xS_GlobalVariableDefs.obj (EPwm9RegsFile)

EPwm10RegsFile 
*          1    00004900    00000100     UNINITIALIZED
                  00004900    00000100     F2837xS_GlobalVariableDefs.obj (EPwm10RegsFile)

EPwm11RegsFile 
*          1    00004a00    00000100     UNINITIALIZED
                  00004a00    00000100     F2837xS_GlobalVariableDefs.obj (EPwm11RegsFile)

EPwm12RegsFile 
*          1    00004b00    00000100     UNINITIALIZED
                  00004b00    00000100     F2837xS_GlobalVariableDefs.obj (EPwm12RegsFile)

ECap1RegsFile 
*          1    00005000    00000020     UNINITIALIZED
                  00005000    00000020     F2837xS_GlobalVariableDefs.obj (ECap1RegsFile)

ECap2RegsFile 
*          1    00005020    00000020     UNINITIALIZED
                  00005020    00000020     F2837xS_GlobalVariableDefs.obj (ECap2RegsFile)

ECap3RegsFile 
*          1    00005040    00000020     UNINITIALIZED
                  00005040    00000020     F2837xS_GlobalVariableDefs.obj (ECap3RegsFile)

ECap4RegsFile 
*          1    00005060    00000020     UNINITIALIZED
                  00005060    00000020     F2837xS_GlobalVariableDefs.obj (ECap4RegsFile)

ECap5RegsFile 
*          1    00005080    00000020     UNINITIALIZED
                  00005080    00000020     F2837xS_GlobalVariableDefs.obj (ECap5RegsFile)

ECap6RegsFile 
*          1    000050a0    00000020     UNINITIALIZED
                  000050a0    00000020     F2837xS_GlobalVariableDefs.obj (ECap6RegsFile)

EQep1RegsFile 
*          1    00005100    00000022     UNINITIALIZED
                  00005100    00000022     F2837xS_GlobalVariableDefs.obj (EQep1RegsFile)

EQep2RegsFile 
*          1    00005140    00000022     UNINITIALIZED
                  00005140    00000022     F2837xS_GlobalVariableDefs.obj (EQep2RegsFile)

EQep3RegsFile 
*          1    00005180    00000022     UNINITIALIZED
                  00005180    00000022     F2837xS_GlobalVariableDefs.obj (EQep3RegsFile)

DacaRegsFile 
*          1    00005c00    00000008     UNINITIALIZED
                  00005c00    00000008     F2837xS_GlobalVariableDefs.obj (DacaRegsFile)

DacbRegsFile 
*          1    00005c10    00000008     UNINITIALIZED
                  00005c10    00000008     F2837xS_GlobalVariableDefs.obj (DacbRegsFile)

DaccRegsFile 
*          1    00005c20    00000008     UNINITIALIZED
                  00005c20    00000008     F2837xS_GlobalVariableDefs.obj (DaccRegsFile)

Sdfm1RegsFile 
*          1    00005e00    00000080     UNINITIALIZED
                  00005e00    00000080     F2837xS_GlobalVariableDefs.obj (Sdfm1RegsFile)

Sdfm2RegsFile 
*          1    00005e80    00000080     UNINITIALIZED
                  00005e80    00000080     F2837xS_GlobalVariableDefs.obj (Sdfm2RegsFile)

McbspaRegsFile 
*          1    00006000    00000024     UNINITIALIZED
                  00006000    00000024     F2837xS_GlobalVariableDefs.obj (McbspaRegsFile)

McbspbRegsFile 
*          1    00006040    00000024     UNINITIALIZED
                  00006040    00000024     F2837xS_GlobalVariableDefs.obj (McbspbRegsFile)

SpiaRegsFile 
*          1    00006100    00000010     UNINITIALIZED
                  00006100    00000010     F2837xS_GlobalVariableDefs.obj (SpiaRegsFile)

SpibRegsFile 
*          1    00006110    00000010     UNINITIALIZED
                  00006110    00000010     F2837xS_GlobalVariableDefs.obj (SpibRegsFile)

SpicRegsFile 
*          1    00006120    00000010     UNINITIALIZED
                  00006120    00000010     F2837xS_GlobalVariableDefs.obj (SpicRegsFile)

UppRegsFile 
*          1    00006200    00000048     UNINITIALIZED
                  00006200    00000048     F2837xS_GlobalVariableDefs.obj (UppRegsFile)

WdRegsFile 
*          1    00007000    0000002b     UNINITIALIZED
                  00007000    0000002b     F2837xS_GlobalVariableDefs.obj (WdRegsFile)

NmiIntruptRegsFile 
*          1    00007060    00000007     UNINITIALIZED
                  00007060    00000007     F2837xS_GlobalVariableDefs.obj (NmiIntruptRegsFile)

XintRegsFile 
*          1    00007070    0000000b     UNINITIALIZED
                  00007070    0000000b     F2837xS_GlobalVariableDefs.obj (XintRegsFile)

SciaRegsFile 
*          1    00007200    00000010     UNINITIALIZED
                  00007200    00000010     F2837xS_GlobalVariableDefs.obj (SciaRegsFile)

ScibRegsFile 
*          1    00007210    00000010     UNINITIALIZED
                  00007210    00000010     F2837xS_GlobalVariableDefs.obj (ScibRegsFile)

ScicRegsFile 
*          1    00007220    00000010     UNINITIALIZED
                  00007220    00000010     F2837xS_GlobalVariableDefs.obj (ScicRegsFile)

ScidRegsFile 
*          1    00007230    00000010     UNINITIALIZED
                  00007230    00000010     F2837xS_GlobalVariableDefs.obj (ScidRegsFile)

I2caRegsFile 
*          1    00007300    00000022     UNINITIALIZED
                  00007300    00000022     F2837xS_GlobalVariableDefs.obj (I2caRegsFile)

I2cbRegsFile 
*          1    00007340    00000022     UNINITIALIZED
                  00007340    00000022     F2837xS_GlobalVariableDefs.obj (I2cbRegsFile)

AdcaRegsFile 
*          1    00007400    00000080     UNINITIALIZED
                  00007400    00000080     F2837xS_GlobalVariableDefs.obj (AdcaRegsFile)

AdcbRegsFile 
*          1    00007480    00000080     UNINITIALIZED
                  00007480    00000080     F2837xS_GlobalVariableDefs.obj (AdcbRegsFile)

AdccRegsFile 
*          1    00007500    00000080     UNINITIALIZED
                  00007500    00000080     F2837xS_GlobalVariableDefs.obj (AdccRegsFile)

AdcdRegsFile 
*          1    00007580    00000080     UNINITIALIZED
                  00007580    00000080     F2837xS_GlobalVariableDefs.obj (AdcdRegsFile)

AnalogSubsysRegsFile 
*          1    0005d180    00000048     UNINITIALIZED
                  0005d180    00000048     F2837xS_GlobalVariableDefs.obj (AnalogSubsysRegsFile)

Cla1SoftIntRegsFile 
*          1    00000ce0    00000004     DSECT
                  00000ce0    00000004     F2837xS_GlobalVariableDefs.obj (Cla1SoftIntRegsFile)

Cmpss1RegsFile 
*          1    00005c80    00000020     UNINITIALIZED
                  00005c80    00000020     F2837xS_GlobalVariableDefs.obj (Cmpss1RegsFile)

Cmpss2RegsFile 
*          1    00005ca0    00000020     UNINITIALIZED
                  00005ca0    00000020     F2837xS_GlobalVariableDefs.obj (Cmpss2RegsFile)

Cmpss3RegsFile 
*          1    00005cc0    00000020     UNINITIALIZED
                  00005cc0    00000020     F2837xS_GlobalVariableDefs.obj (Cmpss3RegsFile)

Cmpss4RegsFile 
*          1    00005ce0    00000020     UNINITIALIZED
                  00005ce0    00000020     F2837xS_GlobalVariableDefs.obj (Cmpss4RegsFile)

Cmpss5RegsFile 
*          1    00005d00    00000020     UNINITIALIZED
                  00005d00    00000020     F2837xS_GlobalVariableDefs.obj (Cmpss5RegsFile)

Cmpss6RegsFile 
*          1    00005d20    00000020     UNINITIALIZED
                  00005d20    00000020     F2837xS_GlobalVariableDefs.obj (Cmpss6RegsFile)

Cmpss7RegsFile 
*          1    00005d40    00000020     UNINITIALIZED
                  00005d40    00000020     F2837xS_GlobalVariableDefs.obj (Cmpss7RegsFile)

Cmpss8RegsFile 
*          1    00005d60    00000020     UNINITIALIZED
                  00005d60    00000020     F2837xS_GlobalVariableDefs.obj (Cmpss8RegsFile)

InputXbarRegsFile 
*          1    00007900    00000020     UNINITIALIZED
                  00007900    00000020     F2837xS_GlobalVariableDefs.obj (InputXbarRegsFile)

XbarRegsFile 
*          1    00007920    00000020     UNINITIALIZED
                  00007920    00000020     F2837xS_GlobalVariableDefs.obj (XbarRegsFile)

SyncSocRegsFile 
*          1    00007940    00000006     UNINITIALIZED
                  00007940    00000006     F2837xS_GlobalVariableDefs.obj (SyncSocRegsFile)

DmaClaSrcSelRegsFile 
*          1    00007980    0000001a     UNINITIALIZED
                  00007980    0000001a     F2837xS_GlobalVariableDefs.obj (DmaClaSrcSelRegsFile)

EPwmXbarRegsFile 
*          1    00007a00    00000040     UNINITIALIZED
                  00007a00    00000040     F2837xS_GlobalVariableDefs.obj (EPwmXbarRegsFile)

OutputXbarRegsFile 
*          1    00007a80    00000040     UNINITIALIZED
                  00007a80    00000040     F2837xS_GlobalVariableDefs.obj (OutputXbarRegsFile)

GpioCtrlRegsFile 
*          1    00007c00    00000180     UNINITIALIZED
                  00007c00    00000180     F2837xS_GlobalVariableDefs.obj (GpioCtrlRegsFile)

GpioDataRegsFile 
*          1    00007f00    00000030     UNINITIALIZED
                  00007f00    00000030     F2837xS_GlobalVariableDefs.obj (GpioDataRegsFile)

Emif1RegsFile 
*          1    00047000    00000070     UNINITIALIZED
                  00047000    00000070     F2837xS_GlobalVariableDefs.obj (Emif1RegsFile)

Emif2RegsFile 
*          1    00047800    00000070     UNINITIALIZED
                  00047800    00000070     F2837xS_GlobalVariableDefs.obj (Emif2RegsFile)

FlashPumpSemaphoreRegsFile 
*          1    00050024    00000002     UNINITIALIZED
                  00050024    00000002     F2837xS_GlobalVariableDefs.obj (FlashPumpSemaphoreRegsFile)

RomPrefetchRegsFile 
*          1    0005e608    00000002     UNINITIALIZED
                  0005e608    00000002     F2837xS_GlobalVariableDefs.obj (RomPrefetchRegsFile)

DcsmZ1RegsFile 
*          1    0005f000    00000024     UNINITIALIZED
                  0005f000    00000024     F2837xS_GlobalVariableDefs.obj (DcsmZ1RegsFile)

DcsmZ2RegsFile 
*          1    0005f040    00000024     UNINITIALIZED
                  0005f040    00000024     F2837xS_GlobalVariableDefs.obj (DcsmZ2RegsFile)

DcsmCommonRegsFile 
*          1    0005f070    00000008     UNINITIALIZED
                  0005f070    00000008     F2837xS_GlobalVariableDefs.obj (DcsmCommonRegsFile)

MemCfgRegsFile 
*          1    0005f400    00000080     UNINITIALIZED
                  0005f400    00000080     F2837xS_GlobalVariableDefs.obj (MemCfgRegsFile)

Emif1ConfigRegsFile 
*          1    0005f480    00000020     UNINITIALIZED
                  0005f480    00000020     F2837xS_GlobalVariableDefs.obj (Emif1ConfigRegsFile)

Emif2ConfigRegsFile 
*          1    0005f4a0    00000020     UNINITIALIZED
                  0005f4a0    00000020     F2837xS_GlobalVariableDefs.obj (Emif2ConfigRegsFile)

AccessProtectionRegsFile 
*          1    0005f4c0    00000040     UNINITIALIZED
                  0005f4c0    00000040     F2837xS_GlobalVariableDefs.obj (AccessProtectionRegsFile)

MemoryErrorRegsFile 
*          1    0005f500    00000040     UNINITIALIZED
                  0005f500    00000040     F2837xS_GlobalVariableDefs.obj (MemoryErrorRegsFile)

RomWaitStateRegsFile 
*          1    0005f540    00000002     UNINITIALIZED
                  0005f540    00000002     F2837xS_GlobalVariableDefs.obj (RomWaitStateRegsFile)

Flash0CtrlRegsFile 
*          1    0005f800    00000182     UNINITIALIZED
                  0005f800    00000182     F2837xS_GlobalVariableDefs.obj (Flash0CtrlRegsFile)

Flash0EccRegsFile 
*          1    0005fb00    00000028     UNINITIALIZED
                  0005fb00    00000028     F2837xS_GlobalVariableDefs.obj (Flash0EccRegsFile)

Flash1CtrlRegsFile 
*          1    0005fc00    00000182     UNINITIALIZED
                  0005fc00    00000182     F2837xS_GlobalVariableDefs.obj (Flash1CtrlRegsFile)

Flash1EccRegsFile 
*          1    0005ff00    00000028     UNINITIALIZED
                  0005ff00    00000028     F2837xS_GlobalVariableDefs.obj (Flash1EccRegsFile)

DcsmZ1OtpFile 
*          1    00078000    00000020     NOLOAD SECTION
                  00078000    00000020     F2837xS_GlobalVariableDefs.obj (DcsmZ1OtpFile)

DcsmZ2OtpFile 
*          1    00078200    00000020     NOLOAD SECTION
                  00078200    00000020     F2837xS_GlobalVariableDefs.obj (DcsmZ2OtpFile)

DevCfgRegsFile 
*          1    0005d000    0000012e     UNINITIALIZED
                  0005d000    0000012e     F2837xS_GlobalVariableDefs.obj (DevCfgRegsFile)

ClkCfgRegsFile 
*          1    0005d200    00000032     UNINITIALIZED
                  0005d200    00000032     F2837xS_GlobalVariableDefs.obj (ClkCfgRegsFile)

CpuSysRegsFile 
*          1    0005d300    00000082     UNINITIALIZED
                  0005d300    00000082     F2837xS_GlobalVariableDefs.obj (CpuSysRegsFile)

.cinit     0    00084e18    00000111     
                  00084e18    0000003e     etc_motorDriverTest.obj (.cinit:_rtBTransitions)
                  00084e56    00000027     etc_motorDriverTest.obj (.cinit:_rtDataTypeNames)
                  00084e7d    0000001a     ext_svr_c2000.obj (.cinit)
                  00084e97    00000015     etc_motorDriverTest.obj (.cinit:_rtDataTypeSizes)
                  00084eac    00000013     etc_motorDriverTest_data.obj (.cinit)
                  00084ebf    00000012     etc_motorDriverTest.obj (.cinit)
                  00084ed1    00000010     ert_main.obj (.cinit)
                  00084ee1    0000000e     rts2800_fpu32.lib : exit.c.obj (.cinit)
                  00084eef    0000000d     ext_work_c2000.obj (.cinit)
                  00084efc    00000008     etc_motorDriverTest.obj (.cinit:_rtPTransitions)
                  00084f04    00000005     rts2800_fpu32.lib : _lock.c.obj (.cinit:__lock)
                  00084f09    00000005                       : _lock.c.obj (.cinit:__unlock)
                  00084f0e    00000005     updown_c2000.obj (.cinit:_firstTime$1)
                  00084f13    00000004     ext_svr_c2000.obj (.cinit:_ERRMSG_PROCESSSELECTSIGNAL)
                  00084f17    00000004     ext_svr_c2000.obj (.cinit:_ERRMSG_PROCESSSELECTTRIGGER)
                  00084f1b    00000004     rts2800_fpu32.lib : errno.c.obj (.cinit)
                  00084f1f    00000004                       : memory.c.obj (.cinit)
                  00084f23    00000004     updown_c2000.obj (.cinit)
                  00084f27    00000002     --HOLE-- [fill = 0]

.pinit     0    00080004    00000000     UNINITIALIZED

.text      0    00080004    000046c7     
                  00080004    0000094e     updown_c2000.obj (.text)
                  00080952    000008a9     ext_svr_c2000.obj (.text)
                  000811fb    000007b5     rts2800_fpu32.lib : _scanfi.c.obj (.text)
                  000819b0    00000585     F2837xS_DefaultISR.obj (.text:retain)
                  00081f35    00000575     etc_motorDriverTest.obj (.text)
                  000824aa    000002c1     F2837xS_SysCtrl.obj (.text)
                  0008276b    00000283     rts2800_fpu32.lib : strtold.c.obj (.text)
                  000829ee    00000266                       : memory.c.obj (.text)
                  00082c54    00000244     F2837xS_Gpio.obj (.text)
                  00082e98    000001ff     rts2800_fpu32.lib : strtod.c.obj (.text)
                  00083097    0000019d     ext_work_c2000.obj (.text)
                  00083234    00000194     rtiostream_serial_c28x_ext.obj (.text)
                  000833c8    0000013f     rts2800_fpu32.lib : strtoll.c.obj (.text)
                  00083507    00000107                       : ll_div28.asm.obj (.text)
                  0008360e    00000103                       : strtoull.c.obj (.text)
                  00083711    000000dd     F2837xS_Adc.obj (.text)
                  000837ee    000000d8     rtiostream_interface_c2000.obj (.text)
                  000838c6    000000d3     rts2800_fpu32.lib : strtol.c.obj (.text)
                  00083999    000000cf                       : e_fmodf.c.obj (.text)
                  00083a68    000000b9     datamodify.obj (.text)
                  00083b21    000000b1     rts2800_fpu32.lib : strtoul.c.obj (.text)
                  00083bd2    000000b0     ert_main.obj (.text)
                  00083c82    000000ae     rts2800_fpu32.lib : s_scalbn.c.obj (.text)
                  00083d30    0000009c                       : fd_add28.asm.obj (.text)
                  00083dcc    00000092     rt_nonfinite.obj (.text)
                  00083e5e    0000008b     rts2800_fpu32.lib : fd_div28.asm.obj (.text)
                  00083ee9    00000088                       : fs_div28.asm.obj (.text)
                  00083f71    00000083                       : fd_mpy28.asm.obj (.text)
                  00083ff4    0000007e     rtiostream_utils_c2000.obj (.text)
                  00084072    0000007c     F2837xS_CpuTimers.obj (.text)
                  000840ee    00000076     MW_c28xx_board.obj (.text)
                  00084164    0000006d     rts2800_fpu32.lib : sscanf.c.obj (.text)
                  000841d1    00000066     daemon_checksum.obj (.text)
                  00084237    00000059     rts2800_fpu32.lib : s_floorf.c.obj (.text)
                  00084290    00000058                       : s_scalbnf.c.obj (.text)
                  000842e8    00000056                       : boot28.asm.obj (.text)
                  0008433e    00000050     c2837xSSchedulerTimer0.obj (.text)
                  0008438e    00000044     c2837xSSchedulerTimer0.obj (.text:retain)
                  000843d2    00000044     rtGetInf.obj (.text)
                  00084416    0000003b     MW_c28xx_adc.obj (.text)
                  00084451    00000031     rts2800_fpu32.lib : atoi.c.obj (.text)
                  00084482    0000002a     rtGetNaN.obj (.text)
                  000844ac    0000002a     rts2800_fpu32.lib : fd_cmp28.asm.obj (.text)
                  000844d6    00000029                       : exit.c.obj (.text)
                  000844ff    00000028     F2837xS_PieCtrl.obj (.text)
                  00084527    00000026     F2837xS_PieVect.obj (.text)
                  0008454d    00000025     rts2800_fpu32.lib : s_copysign.c.obj (.text)
                  00084572    00000024                       : cpy_tbl.c.obj (.text)
                  00084596    00000022                       : i_div28.asm.obj (.text)
                  000845b8    0000001e                       : ll_cmp28.asm.obj (.text)
                  000845d6    0000001d                       : memcpy.c.obj (.text)
                  000845f3    0000001a     MW_c28xx_pwm.obj (.text)
                  0008460d    00000019     rts2800_fpu32.lib : args_main.c.obj (.text)
                  00084626    00000018                       : ll_aox28.asm.obj (.text)
                  0008463e    00000016     c2837xSBoard_Realtime_Support.obj (.text)
                  00084654    00000014     rts2800_fpu32.lib : ll_mpy28.asm.obj (.text)
                  00084668    00000011                       : s_copysignf.c.obj (.text)
                  00084679    0000000c                       : strchr.c.obj (.text)
                  00084685    0000000b                       : strrchr.c.obj (.text)
                  00084690    0000000a                       : strcmp.c.obj (.text)
                  0008469a    00000009                       : _lock.c.obj (.text)
                  000846a3    00000009                       : fd_neg28.asm.obj (.text)
                  000846ac    00000008     F2837xS_CodeStartBranch.obj (.text)
                  000846b4    00000008     rts2800_fpu32.lib : strlen.c.obj (.text)
                  000846bc    00000007                       : memset.c.obj (.text)
                  000846c3    00000005                       : strcpy.c.obj (.text)
                  000846c8    00000002                       : pre_init.c.obj (.text)
                  000846ca    00000001                       : startup.c.obj (.text)

ramfuncs   0    000846cc    00000116     RUN ADDR = 00008000
                  000846cc    0000006e     F2837xS_SysCtrl.obj (ramfuncs)
                  0008473a    00000062     datamodify.obj (ramfuncs)
                  0008479c    00000042     rtiostream_serial_c28x_ext.obj (ramfuncs:retain)
                  000847de    00000004     F2837xS_usDelay.obj (ramfuncs)

.econst    0    000847e4    00000632     
                  000847e4    000001c0     F2837xS_PieVect.obj (.econst:_PieVectTableInit)
                  000849a4    0000011e     etc_motorDriverTest.obj (.econst:.string)
                  00084ac2    00000101     rts2800_fpu32.lib : ctype.c.obj (.econst:.string:__ctypes_)
                  00084bc3    00000100     daemon_checksum.obj (.econst:_crc8_table_j1850)
                  00084cc3    00000001     --HOLE-- [fill = 0]
                  00084cc4    00000040     rts2800_fpu32.lib : strtold.c.obj (.econst:_digits)
                  00084d04    0000003b     ext_svr_c2000.obj (.econst:.string)
                  00084d3f    00000001     --HOLE-- [fill = 0]
                  00084d40    00000024     rts2800_fpu32.lib : strtold.c.obj (.econst:_powerof10)
                  00084d64    00000020                       : strtod.c.obj (.econst:_digits)
                  00084d84    0000001c                       : s_scalbn.c.obj (.econst)
                  00084da0    0000001b     ext_work_c2000.obj (.econst:.string)
                  00084dbb    00000001     --HOLE-- [fill = 0]
                  00084dbc    00000010     rtiostream_interface_c2000.obj (.econst:.string)
                  00084dcc    0000000e     rts2800_fpu32.lib : _scanfi.c.obj (.econst:.string)
                  00084dda    0000000c                       : strtod.c.obj (.econst:_powerof10)
                  00084de6    0000000c                       : strtold.c.obj (.econst)
                  00084df2    00000007                       : _scanfi.c.obj (.econst:.string:_flit$1)
                  00084df9    00000006                       : _scanfi.c.obj (.econst:.string:_barr$2)
                  00084dff    00000001     --HOLE-- [fill = 0]
                  00084e00    00000006                       : s_scalbnf.c.obj (.econst)
                  00084e06    00000004                       : e_fmodf.c.obj (.econst:_Zero)
                  00084e0a    00000004     etc_motorDriverTest.obj (.econst)
                  00084e0e    00000002     rtGetNaN.obj (.econst:_$P$T0$1)
                  00084e10    00000002     ext_work_c2000.obj (.econst)
                  00084e12    00000002     rts2800_fpu32.lib : e_fmodf.c.obj (.econst)
                  00084e14    00000002                       : s_floorf.c.obj (.econst)

.switch    0    00084f2c    00000020     
                  00084f2c    00000020     ext_svr_c2000.obj (.switch:_rt_PktServerWork)

.stack     1    00000122    00000400     UNINITIALIZED
                  00000122    00000400     --HOLE--

.ebss      1    0000c000    00000360     UNINITIALIZED
                  0000c000    000001b2     etc_motorDriverTest.obj (.ebss)
                  0000c1b2    0000000e     ext_svr_c2000.obj (.ebss)
                  0000c1c0    00000058     updown_c2000.obj (.ebss:_uploadInfoArray)
                  0000c218    00000024     etc_motorDriverTest.obj (.ebss:_rtDataTypeNames)
                  0000c23c    00000004     ert_main.obj (.ebss)
                  0000c240    00000042     datamodify.obj (.ebss)
                  0000c282    0000003c     etc_motorDriverTest.obj (.ebss:_rtBTransitions)
                  0000c2be    00000002     rts2800_fpu32.lib : _lock.c.obj (.ebss:__lock)
                  0000c2c0    00000020     rtiostream_serial_c28x_ext.obj (.ebss:_srcSerial)
                  0000c2e0    00000018     F2837xS_CpuTimers.obj (.ebss)
                  0000c2f8    00000008     etc_motorDriverTest.obj (.ebss:_systemRan$3)
                  0000c300    00000012     etc_motorDriverTest.obj (.ebss:_rtDataTypeSizes)
                  0000c312    00000010     etc_motorDriverTest_data.obj (.ebss)
                  0000c322    0000000c     rt_nonfinite.obj (.ebss)
                  0000c32e    0000000a     ext_svr_c2000.obj (.ebss:_bufr$1)
                  0000c338    00000006     etc_motorDriverTest.obj (.ebss:_rtPTransitions)
                  0000c33e    00000002     rts2800_fpu32.lib : _lock.c.obj (.ebss:__unlock)
                  0000c340    0000000a     ext_svr_c2000.obj (.ebss:_chunkBuffer)
                  0000c34a    00000006     rts2800_fpu32.lib : exit.c.obj (.ebss)
                  0000c350    00000004     ext_work_c2000.obj (.ebss)
                  0000c354    00000004     rts2800_fpu32.lib : memory.c.obj (.ebss)
                  0000c358    00000002     updown_c2000.obj (.ebss:_firstTime$1)
                  0000c35a    00000002     rtiostream_interface_c2000.obj (.ebss)
                  0000c35c    00000001     ext_svr_c2000.obj (.ebss:_ERRMSG_PROCESSSELECTSIGNAL)
                  0000c35d    00000001     ext_svr_c2000.obj (.ebss:_ERRMSG_PROCESSSELECTTRIGGER)
                  0000c35e    00000001     rts2800_fpu32.lib : errno.c.obj (.ebss)
                  0000c35f    00000001     updown_c2000.obj (.ebss)

.reset     0    003fffc0    00000002     DSECT
                  003fffc0    00000002     rts2800_fpu32.lib : boot28.asm.obj (.reset)

.esysmem   1    0000b000    00000400     UNINITIALIZED
                  0000b000    00000004     rts2800_fpu32.lib : memory.c.obj (.esysmem)
                  0000b004    000003fc     --HOLE--

MODULE SUMMARY

       Module                              code    initialized data   uninitialized data
       ------                              ----    ----------------   ------------------
    <current directory>
       F2837xS_GlobalVariableDefs.obj      0       0                  8437              
       updown_c2000.obj                    2382    9                  91                
       etc_motorDriverTest.obj             1397    438                562               
       ext_svr_c2000.obj                   2217    125                36                
       F2837xS_DefaultISR.obj              1413    0                  0                 
       F2837xS_SysCtrl.obj                 925     0                  0                 
       F2837xS_Gpio.obj                    580     0                  0                 
       rtiostream_serial_c28x_ext.obj      536     0                  32                
       F2837xS_PieVect.obj                 38      448                0                 
       ext_work_c2000.obj                  413     42                 4                 
       datamodify.obj                      381     0                  66                
       daemon_checksum.obj                 102     256                0                 
       rtiostream_interface_c2000.obj      216     16                 2                 
       F2837xS_Adc.obj                     221     0                  0                 
       ert_main.obj                        176     16                 4                 
       rt_nonfinite.obj                    146     0                  12                
       F2837xS_CpuTimers.obj               124     0                  24                
       c2837xSSchedulerTimer0.obj          148     0                  0                 
       rtiostream_utils_c2000.obj          126     0                  0                 
       MW_c28xx_board.obj                  118     0                  0                 
       rtGetInf.obj                        68      0                  0                 
       MW_c28xx_adc.obj                    59      0                  0                 
       rtGetNaN.obj                        42      2                  0                 
       F2837xS_PieCtrl.obj                 40      0                  0                 
       etc_motorDriverTest_data.obj        0       19                 16                
       MW_c28xx_pwm.obj                    26      0                  0                 
       c2837xSBoard_Realtime_Support.obj   22      0                  0                 
       F2837xS_CodeStartBranch.obj         10      0                  0                 
       F2837xS_usDelay.obj                 8       0                  0                 
    +--+-----------------------------------+-------+------------------+--------------------+
       Total:                              11934   1371               9286              
                                                                                        
    C:/PROGRA~3/MATLAB/SupportPackages/R2019b/3P.instrset/tic2000codegentools.instrset/ti-cgt-c2000_18.12.2.LTS/lib/rts2800_fpu32.lib
       _scanfi.c.obj                       1973    27                 0                 
       strtold.c.obj                       643     112                0                 
       memory.c.obj                        614     4                  4                 
       strtod.c.obj                        511     44                 0                 
       strtoll.c.obj                       319     0                  0                 
       ll_div28.asm.obj                    263     0                  0                 
       strtoull.c.obj                      259     0                  0                 
       ctype.c.obj                         0       257                0                 
       e_fmodf.c.obj                       207     6                  0                 
       strtol.c.obj                        211     0                  0                 
       s_scalbn.c.obj                      174     28                 0                 
       strtoul.c.obj                       177     0                  0                 
       fd_add28.asm.obj                    156     0                  0                 
       fd_div28.asm.obj                    139     0                  0                 
       fs_div28.asm.obj                    136     0                  0                 
       fd_mpy28.asm.obj                    131     0                  0                 
       sscanf.c.obj                        109     0                  0                 
       s_scalbnf.c.obj                     88      6                  0                 
       s_floorf.c.obj                      89      2                  0                 
       boot28.asm.obj                      86      0                  0                 
       exit.c.obj                          41      14                 6                 
       atoi.c.obj                          49      0                  0                 
       fd_cmp28.asm.obj                    42      0                  0                 
       s_copysign.c.obj                    37      0                  0                 
       cpy_tbl.c.obj                       36      0                  0                 
       i_div28.asm.obj                     34      0                  0                 
       ll_cmp28.asm.obj                    30      0                  0                 
       memcpy.c.obj                        29      0                  0                 
       args_main.c.obj                     25      0                  0                 
       ll_aox28.asm.obj                    24      0                  0                 
       _lock.c.obj                         9       10                 4                 
       ll_mpy28.asm.obj                    20      0                  0                 
       s_copysignf.c.obj                   17      0                  0                 
       strchr.c.obj                        12      0                  0                 
       strrchr.c.obj                       11      0                  0                 
       strcmp.c.obj                        10      0                  0                 
       fd_neg28.asm.obj                    9       0                  0                 
       strlen.c.obj                        8       0                  0                 
       memset.c.obj                        7       0                  0                 
       errno.c.obj                         0       4                  1                 
       strcpy.c.obj                        5       0                  0                 
       pre_init.c.obj                      2       0                  0                 
       startup.c.obj                       1       0                  0                 
    +--+-----------------------------------+-------+------------------+--------------------+
       Total:                              6743    514                15                
                                                                                        
       Heap:                               0       0                  1024              
       Stack:                              0       0                  1024              
    +--+-----------------------------------+-------+------------------+--------------------+
       Grand Total:                        18677   1885               11349             


GLOBAL DATA SYMBOLS: SORTED BY DATA PAGE

address     data page           name
--------    ----------------    ----
00000122       4 (00000100)     __stack

00000b00      2c (00000b00)     _AdcaResultRegs
00000b20      2c (00000b00)     _AdcbResultRegs

00000b40      2d (00000b40)     _AdccResultRegs
00000b60      2d (00000b40)     _AdcdResultRegs

00000c00      30 (00000c00)     _CpuTimer0Regs
00000c08      30 (00000c00)     _CpuTimer1Regs
00000c10      30 (00000c00)     _CpuTimer2Regs

00000ce0      33 (00000cc0)     _Cla1SoftIntRegs
00000ce0      33 (00000cc0)     _PieCtrlRegs

00000d00      34 (00000d00)     _EmuKey
00000d00      34 (00000d00)     _PieVectTable
00000d01      34 (00000d00)     _EmuBMode

00001000      40 (00001000)     _DmaRegs

00001400      50 (00001400)     _Cla1Regs

00004000     100 (00004000)     _EPwm1Regs

00004100     104 (00004100)     _EPwm2Regs

00004200     108 (00004200)     _EPwm3Regs

00004300     10c (00004300)     _EPwm4Regs

00004400     110 (00004400)     _EPwm5Regs

00004500     114 (00004500)     _EPwm6Regs

00004600     118 (00004600)     _EPwm7Regs

00004700     11c (00004700)     _EPwm8Regs

00004800     120 (00004800)     _EPwm9Regs

00004900     124 (00004900)     _EPwm10Regs

00004a00     128 (00004a00)     _EPwm11Regs

00004b00     12c (00004b00)     _EPwm12Regs

00005000     140 (00005000)     _ECap1Regs
00005020     140 (00005000)     _ECap2Regs

00005040     141 (00005040)     _ECap3Regs
00005060     141 (00005040)     _ECap4Regs

00005080     142 (00005080)     _ECap5Regs
000050a0     142 (00005080)     _ECap6Regs

00005100     144 (00005100)     _EQep1Regs

00005140     145 (00005140)     _EQep2Regs

00005180     146 (00005180)     _EQep3Regs

00005c00     170 (00005c00)     _DacaRegs
00005c10     170 (00005c00)     _DacbRegs
00005c20     170 (00005c00)     _DaccRegs

00005c80     172 (00005c80)     _Cmpss1Regs
00005ca0     172 (00005c80)     _Cmpss2Regs

00005cc0     173 (00005cc0)     _Cmpss3Regs
00005ce0     173 (00005cc0)     _Cmpss4Regs

00005d00     174 (00005d00)     _Cmpss5Regs
00005d20     174 (00005d00)     _Cmpss6Regs

00005d40     175 (00005d40)     _Cmpss7Regs
00005d60     175 (00005d40)     _Cmpss8Regs

00005e00     178 (00005e00)     _Sdfm1Regs

00005e80     17a (00005e80)     _Sdfm2Regs

00006000     180 (00006000)     _McbspaRegs

00006040     181 (00006040)     _McbspbRegs

00006100     184 (00006100)     _SpiaRegs
00006110     184 (00006100)     _SpibRegs
00006120     184 (00006100)     _SpicRegs

00006200     188 (00006200)     _UppRegs

00007000     1c0 (00007000)     _WdRegs

00007060     1c1 (00007040)     _NmiIntruptRegs
00007070     1c1 (00007040)     _XintRegs

00007200     1c8 (00007200)     _SciaRegs
00007210     1c8 (00007200)     _ScibRegs
00007220     1c8 (00007200)     _ScicRegs
00007230     1c8 (00007200)     _ScidRegs

00007300     1cc (00007300)     _I2caRegs

00007340     1cd (00007340)     _I2cbRegs

00007400     1d0 (00007400)     _AdcaRegs

00007480     1d2 (00007480)     _AdcbRegs

00007500     1d4 (00007500)     _AdccRegs

00007580     1d6 (00007580)     _AdcdRegs

00007900     1e4 (00007900)     _InputXbarRegs
00007920     1e4 (00007900)     _XbarRegs

00007940     1e5 (00007940)     _SyncSocRegs

00007980     1e6 (00007980)     _DmaClaSrcSelRegs

00007a00     1e8 (00007a00)     _EPwmXbarRegs

00007a80     1ea (00007a80)     _OutputXbarRegs

00007c00     1f0 (00007c00)     _GpioCtrlRegs

00007f00     1fc (00007f00)     _GpioDataRegs

0000b000     2c0 (0000b000)     __sys_memory

0000c000     300 (0000c000)     _MW_adcBInitFlag
0000c00a     300 (0000c000)     _etc_motorDriverTest_B

0000c040     301 (0000c040)     _etc_motorDriverTest_M_

0000c080     302 (0000c080)     _etc_motorDriverTest_DW

0000c1b2     306 (0000c180)     _seqId

0000c23c     308 (0000c200)     _IsrOverrun
0000c23e     308 (0000c200)     _stopRequested
0000c23f     308 (0000c200)     _runModel

0000c240     309 (0000c240)     _queRx

0000c2be     30a (0000c280)     __lock

0000c2c0     30b (0000c2c0)     _srcSerial
0000c2e0     30b (0000c2c0)     _CpuTimer0
0000c2e8     30b (0000c2c0)     _CpuTimer1
0000c2f0     30b (0000c2c0)     _CpuTimer2

0000c312     30c (0000c300)     _etc_motorDriverTest_P
0000c322     30c (0000c300)     _rtInf
0000c324     30c (0000c300)     _rtMinusInf
0000c326     30c (0000c300)     _rtNaN
0000c328     30c (0000c300)     _rtInfF
0000c32a     30c (0000c300)     _rtMinusInfF
0000c32c     30c (0000c300)     _rtNaNF
0000c33e     30c (0000c300)     __unlock

0000c34a     30d (0000c340)     ___TI_enable_exit_profile_output
0000c34c     30d (0000c340)     ___TI_cleanup_ptr
0000c34e     30d (0000c340)     ___TI_dtors_ptr
0000c350     30d (0000c340)     _startModel
0000c351     30d (0000c340)     _modelStatus
0000c35e     30d (0000c340)     _errno
0000c35f     30d (0000c340)     _host_upstatus_is_uploading

00047000    11c0 (00047000)     _Emif1Regs

00047800    11e0 (00047800)     _Emif2Regs

00050024    1400 (00050000)     _FlashPumpSemaphoreRegs

0005d000    1740 (0005d000)     _DevCfgRegs

0005d180    1746 (0005d180)     _AnalogSubsysRegs

0005d200    1748 (0005d200)     _ClkCfgRegs

0005d300    174c (0005d300)     _CpuSysRegs

0005e608    1798 (0005e600)     _RomPrefetchRegs

0005f000    17c0 (0005f000)     _DcsmZ1Regs

0005f040    17c1 (0005f040)     _DcsmZ2Regs
0005f070    17c1 (0005f040)     _DcsmCommonRegs

0005f400    17d0 (0005f400)     _MemCfgRegs

0005f480    17d2 (0005f480)     _Emif1ConfigRegs
0005f4a0    17d2 (0005f480)     _Emif2ConfigRegs

0005f4c0    17d3 (0005f4c0)     _AccessProtectionRegs

0005f500    17d4 (0005f500)     _MemoryErrorRegs

0005f540    17d5 (0005f540)     _RomWaitStateRegs

0005f800    17e0 (0005f800)     _Flash0CtrlRegs

0005fb00    17ec (0005fb00)     _Flash0EccRegs

0005fc00    17f0 (0005fc00)     _Flash1CtrlRegs

0005ff00    17fc (0005ff00)     _Flash1EccRegs

00078000    1e00 (00078000)     _DcsmZ1Otp

00078200    1e08 (00078200)     _DcsmZ2Otp

000847e4    211f (000847c0)     _PieVectTableInit

00084ac2    212b (00084ac0)     __ctypes_

00084bc3    212f (00084bc0)     _crc8_table_j1850

00084e0c    2138 (00084e00)     _etc_motorDriverTest_M


GLOBAL SYMBOLS: SORTED ALPHABETICALLY BY Name 

page  address   name                                     
----  -------   ----                                     
0     00080004  .text                                    
0     000844d6  C$$EXIT                                  
0     00083d30  FD$$ADD                                  
0     000844ac  FD$$CMP                                  
0     00083e5e  FD$$DIV                                  
0     00083f71  FD$$MPY                                  
0     000846a3  FD$$NEG                                  
0     00083ee9  FS$$DIV                                  
0     00084596  I$$DIV                                   
0     000845a7  I$$MOD                                   
0     00084626  LL$$AND                                  
0     000845b8  LL$$CMP                                  
0     00083507  LL$$DIV                                  
0     00083543  LL$$MOD                                  
0     00084654  LL$$MPY                                  
0     0008462e  LL$$OR                                   
0     00084636  LL$$XOR                                  
0     000845ca  ULL$$CMP                                 
0     0008357d  ULL$$DIV                                 
0     000835ac  ULL$$MOD                                 
0     00081a6e  _ADCA1_ISR                               
0     00081cee  _ADCA2_ISR                               
0     00081cf8  _ADCA3_ISR                               
0     00081d02  _ADCA4_ISR                               
0     00081ce4  _ADCA_EVT_ISR                            
0     00081a78  _ADCB1_ISR                               
0     00081d16  _ADCB2_ISR                               
0     00081d20  _ADCB3_ISR                               
0     00081d2a  _ADCB4_ISR                               
0     00081d0c  _ADCB_EVT_ISR                            
0     00081a82  _ADCC1_ISR                               
0     00081e7e  _ADCC2_ISR                               
0     00081e88  _ADCC3_ISR                               
0     00081e92  _ADCC4_ISR                               
0     00081e74  _ADCC_EVT_ISR                            
0     00081aa0  _ADCD1_ISR                               
0     00081ea6  _ADCD2_ISR                               
0     00081eb0  _ADCD3_ISR                               
0     00081eba  _ADCD4_ISR                               
0     00081e9c  _ADCD_EVT_ISR                            
0     00081ef6  _AUX_PLL_SLIP_ISR                        
1     0005f4c0  _AccessProtectionRegs                    
0     00083711  _AdcSetMode                              
1     00007400  _AdcaRegs                                
1     00000b00  _AdcaResultRegs                          
1     00007480  _AdcbRegs                                
1     00000b20  _AdcbResultRegs                          
1     00007500  _AdccRegs                                
1     00000b40  _AdccResultRegs                          
1     00007580  _AdcdRegs                                
1     00000b60  _AdcdResultRegs                          
1     0005d180  _AnalogSubsysRegs                        
0     00082728  _AuxAuxClkSel                            
0     00082712  _AuxIntOsc2Sel                           
0     0008271c  _AuxXtalOscSel                           
0     00083ab1  _BytePacker16bits                        
0     00083a8b  _BytePacker32bits                        
0     00083a68  _BytePackerInplace32bits                 
0     00081cbc  _CANA0_ISR                               
0     00081cc6  _CANA1_ISR                               
0     00081cd0  _CANB0_ISR                               
0     00081cda  _CANB1_ISR                               
0     00081d34  _CLA1_1_ISR                              
0     00081d3e  _CLA1_2_ISR                              
0     00081d48  _CLA1_3_ISR                              
0     00081d52  _CLA1_4_ISR                              
0     00081d5c  _CLA1_5_ISR                              
0     00081d66  _CLA1_6_ISR                              
0     00081d70  _CLA1_7_ISR                              
0     00081d7a  _CLA1_8_ISR                              
0     00081f00  _CLA_OVERFLOW_ISR                        
0     00081f0a  _CLA_UNDERFLOW_ISR                       
0     000837b4  _CalAdcINL                               
1     00001400  _Cla1Regs                                
0     00000ce0  _Cla1SoftIntRegs                         
1     0005d200  _ClkCfgRegs                              
1     00005c80  _Cmpss1Regs                              
1     00005ca0  _Cmpss2Regs                              
1     00005cc0  _Cmpss3Regs                              
1     00005ce0  _Cmpss4Regs                              
1     00005d00  _Cmpss5Regs                              
1     00005d20  _Cmpss6Regs                              
1     00005d40  _Cmpss7Regs                              
1     00005d60  _Cmpss8Regs                              
0     000840b3  _ConfigCpuTimer                          
1     0005d300  _CpuSysRegs                              
1     0000c2e0  _CpuTimer0                               
1     00000c00  _CpuTimer0Regs                           
1     0000c2e8  _CpuTimer1                               
1     00000c08  _CpuTimer1Regs                           
1     0000c2f0  _CpuTimer2                               
1     00000c10  _CpuTimer2Regs                           
0     000826d1  _CsmUnlock                               
0     000819c4  _DATALOG_ISR                             
0     00081c08  _DMA_CH1_ISR                             
0     00081c12  _DMA_CH2_ISR                             
0     00081c1c  _DMA_CH3_ISR                             
0     00081c26  _DMA_CH4_ISR                             
0     00081c30  _DMA_CH5_ISR                             
0     00081c3a  _DMA_CH6_ISR                             
1     00005c00  _DacaRegs                                
1     00005c10  _DacbRegs                                
1     00005c20  _DaccRegs                                
1     0005f070  _DcsmCommonRegs                          
1     00078000  _DcsmZ1Otp                               
1     0005f000  _DcsmZ1Regs                              
1     00078200  _DcsmZ2Otp                               
1     0005f040  _DcsmZ2Regs                              
1     0005d000  _DevCfgRegs                              
0     000825ad  _DisableDog                              
0     0008255f  _DisablePeripheralClocks                 
1     00007980  _DmaClaSrcSelRegs                        
1     00001000  _DmaRegs                                 
0     00081b5e  _ECAP1_ISR                               
0     00081b68  _ECAP2_ISR                               
0     00081b72  _ECAP3_ISR                               
0     00081b7c  _ECAP4_ISR                               
0     00081b86  _ECAP5_ISR                               
0     00081b90  _ECAP6_ISR                               
1     00005000  _ECap1Regs                               
1     00005020  _ECap2Regs                               
1     00005040  _ECap3Regs                               
1     00005060  _ECap4Regs                               
1     00005080  _ECap5Regs                               
1     000050a0  _ECap6Regs                               
0     00081ec4  _EMIF_ERROR_ISR                          
0     00081f1e  _EMPTY_ISR                               
0     000819d8  _EMU_ISR                                 
0     00081e1a  _EPWM10_ISR                              
0     00081df2  _EPWM10_TZ_ISR                           
0     00081e24  _EPWM11_ISR                              
0     00081dfc  _EPWM11_TZ_ISR                           
0     00081e2e  _EPWM12_ISR                              
0     00081e06  _EPWM12_TZ_ISR                           
0     00081b0e  _EPWM1_ISR                               
0     00081abe  _EPWM1_TZ_ISR                            
0     00081b18  _EPWM2_ISR                               
0     00081ac8  _EPWM2_TZ_ISR                            
0     00081b22  _EPWM3_ISR                               
0     00081ad2  _EPWM3_TZ_ISR                            
0     00081b2c  _EPWM4_ISR                               
0     00081adc  _EPWM4_TZ_ISR                            
0     00081b36  _EPWM5_ISR                               
0     00081ae6  _EPWM5_TZ_ISR                            
0     00081b40  _EPWM6_ISR                               
0     00081af0  _EPWM6_TZ_ISR                            
0     00081b4a  _EPWM7_ISR                               
0     00081afa  _EPWM7_TZ_ISR                            
0     00081b54  _EPWM8_ISR                               
0     00081b04  _EPWM8_TZ_ISR                            
0     00081e10  _EPWM9_ISR                               
0     00081de8  _EPWM9_TZ_ISR                            
1     00004900  _EPwm10Regs                              
1     00004a00  _EPwm11Regs                              
1     00004b00  _EPwm12Regs                              
1     00004000  _EPwm1Regs                               
1     00004100  _EPwm2Regs                               
1     00004200  _EPwm3Regs                               
1     00004300  _EPwm4Regs                               
1     00004400  _EPwm5Regs                               
1     00004500  _EPwm6Regs                               
1     00004600  _EPwm7Regs                               
1     00004700  _EPwm8Regs                               
1     00004800  _EPwm9Regs                               
1     00007a00  _EPwmXbarRegs                            
0     00081b9a  _EQEP1_ISR                               
0     00081ba4  _EQEP2_ISR                               
0     00081bae  _EQEP3_ISR                               
1     00005100  _EQep1Regs                               
1     00005140  _EQep2Regs                               
1     00005180  _EQep3Regs                               
1     0005f480  _Emif1ConfigRegs                         
1     00047000  _Emif1Regs                               
1     0005f4a0  _Emif2ConfigRegs                         
1     00047800  _Emif2Regs                               
1     00000d01  _EmuBMode                                
1     00000d00  _EmuKey                                  
0     0008451e  _EnableInterrupts                        
0     000838bb  _ExtCloseConnection                      
0     000838b7  _ExtForceDisconnect                      
0     00083883  _ExtGetHostPkt                           
0     00083847  _ExtInit                                 
0     000838a8  _ExtModeSleep                            
0     000838ad  _ExtOpenConnection                       
0     00080ea8  _ExtParseArgsAndInitUD                   
0     000837ee  _ExtProcessArgs                          
0     0008384d  _ExtSetHostPkt                           
0     00083868  _ExtSetHostPkt8bit                       
0     000838bf  _ExtShutDown                             
0     00083844  _ExtUserDataCreate                       
0     000838a4  _ExtUserDataDestroy                      
0     00080ecd  _ExtWaitForStartPkt                      
0     0008389f  _ExtWaitForStartPktFromHost              
0     00008112  _F28x_usDelay                            
0     00081ed8  _FLASH_CORRECTABLE_ERROR_ISR             
0     00081dac  _FPU_OVERFLOW_ISR                        
0     00081db6  _FPU_UNDERFLOW_ISR                       
1     0005f800  _Flash0CtrlRegs                          
1     0005fb00  _Flash0EccRegs                           
1     0005fc00  _Flash1CtrlRegs                          
1     0005ff00  _Flash1EccRegs                           
0     00008052  _FlashOff_Bank0                          
0     00008060  _FlashOff_Bank1                          
1     00050024  _FlashPumpSemaphoreRegs                  
0     00082e4d  _GPIO_EnableUnbondedIOPullups            
0     00082e28  _GPIO_EnableUnbondedIOPullupsFor100Pin   
0     00082e0f  _GPIO_EnableUnbondedIOPullupsFor176Pin   
0     00082e63  _GPIO_ReadPin                            
0     00082db4  _GPIO_SetupLock                          
0     00082c94  _GPIO_SetupPinMux                        
0     00082d20  _GPIO_SetupPinOptions                    
0     00082ddd  _GPIO_SetupXINT1Gpio                     
0     00082de7  _GPIO_SetupXINT2Gpio                     
0     00082df1  _GPIO_SetupXINT3Gpio                     
0     00082dfb  _GPIO_SetupXINT4Gpio                     
0     00082e05  _GPIO_SetupXINT5Gpio                     
0     00082e7a  _GPIO_WritePin                           
1     00007c00  _GpioCtrlRegs                            
1     00007f00  _GpioDataRegs                            
0     00082746  _HALT                                    
0     00082757  _HIB                                     
0     00081c4e  _I2CA_FIFO_ISR                           
0     00081c44  _I2CA_ISR                                
0     00081c62  _I2CB_FIFO_ISR                           
0     00081c58  _I2CB_ISR                                
1     00007300  _I2caRegs                                
1     00007340  _I2cbRegs                                
0     00082732  _IDLE                                    
0     000819ec  _ILLEGAL_ISR                             
0     00081dc0  _IPC0_ISR                                
0     00081dca  _IPC1_ISR                                
0     00081dd4  _IPC2_ISR                                
0     00081dde  _IPC3_ISR                                
0     00084434  _InitAdcB                                
0     0008263f  _InitAuxPll                              
0     00084072  _InitCpuTimers                           
0     00008000  _InitFlash_Bank0                         
0     00008029  _InitFlash_Bank1                         
0     00082c54  _InitGpio                                
0     000824db  _InitPeripheralClocks                    
0     000844ff  _InitPieCtrl                             
0     00084527  _InitPieVectTable                        
0     000824aa  _InitSysCtrl                             
0     000825bb  _InitSysPll                              
1     00007900  _InputXbarRegs                           
0     00083345  _IsEscapeChar16bit                       
1     0000c23c  _IsrOverrun                              
0     00081be0  _MCBSPA_RX_ISR                           
0     00081bea  _MCBSPA_TX_ISR                           
0     00081bf4  _MCBSPB_RX_ISR                           
0     00081bfe  _MCBSPB_TX_ISR                           
1     0000c000  _MW_adcBInitFlag                         
1     00006000  _McbspaRegs                              
1     00006040  _McbspbRegs                              
1     0005f400  _MemCfgRegs                              
1     0005f500  _MemoryErrorRegs                         
0     000819e2  _NMI_ISR                                 
0     00081f2b  _NOTUSED_ISR                             
1     00007060  _NmiIntruptRegs                          
1     00007a80  _OutputXbarRegs                          
0     00081f14  _PIE_RESERVED_ISR                        
1     00000ce0  _PieCtrlRegs                             
1     00000d00  _PieVectTable                            
0     000847e4  _PieVectTableInit                        
0     00081ee2  _RAM_ACCESS_VIOLATION_ISR                
0     00081ece  _RAM_CORRECTABLE_ERROR_ISR               
0     000819ce  _RTOS_ISR                                
0     000847e2  _RamfuncsLoadEnd                         
abs   00000116  _RamfuncsLoadSize                        
0     000846cc  _RamfuncsLoadStart                       
0     00008116  _RamfuncsRunEnd                          
abs   00000116  _RamfuncsRunSize                         
0     00008000  _RamfuncsRunStart                        
0     00082595  _ReleaseFlashPump                        
1     0005e608  _RomPrefetchRegs                         
1     0005f540  _RomWaitStateRegs                        
0     00081c94  _SCIA_RX_ISR                             
0     00081c9e  _SCIA_TX_ISR                             
0     00081ca8  _SCIB_RX_ISR                             
0     00081cb2  _SCIB_TX_ISR                             
0     00081c6c  _SCIC_RX_ISR                             
0     00081c76  _SCIC_TX_ISR                             
0     00081c80  _SCID_RX_ISR                             
0     00081c8a  _SCID_TX_ISR                             
0     000080d0  _SCIRXINTA_isr                           
0     00081e38  _SD1_ISR                                 
0     00081e42  _SD2_ISR                                 
0     00081bb8  _SPIA_RX_ISR                             
0     00081bc2  _SPIA_TX_ISR                             
0     00081bcc  _SPIB_RX_ISR                             
0     00081bd6  _SPIB_TX_ISR                             
0     00081e4c  _SPIC_RX_ISR                             
0     00081e56  _SPIC_TX_ISR                             
0     0008273b  _STANDBY                                 
0     00081eec  _SYS_PLL_SLIP_ISR                        
1     00007200  _SciaRegs                                
1     00007210  _ScibRegs                                
1     00007220  _ScicRegs                                
1     00007230  _ScidRegs                                
1     00005e00  _Sdfm1Regs                               
1     00005e80  _Sdfm2Regs                               
0     00082577  _SeizeFlashPump_Bank0                    
0     00082586  _SeizeFlashPump_Bank1                    
0     00080d32  _SendPktToHost                           
0     0008259f  _ServiceDog                              
0     00080004  _SetParam                                
1     00006100  _SpiaRegs                                
1     00006110  _SpibRegs                                
1     00006120  _SpicRegs                                
1     00007940  _SyncSocRegs                             
0     000826f2  _SysIntOsc1Sel                           
0     000826fc  _SysIntOsc2Sel                           
0     00082706  _SysXtalOscSel                           
0     00081aaa  _TIMER0_ISR                              
0     000819b0  _TIMER1_ISR                              
0     000819ba  _TIMER2_ISR                              
0     0008438e  _TINT0_isr                               
0     00081e60  _UPPA_ISR                                
0     00081e6a  _USBA_ISR                                
0     00081a50  _USER10_ISR                              
0     00081a5a  _USER11_ISR                              
0     00081a64  _USER12_ISR                              
0     000819f6  _USER1_ISR                               
0     00081a00  _USER2_ISR                               
0     00081a0a  _USER3_ISR                               
0     00081a14  _USER4_ISR                               
0     00081a1e  _USER5_ISR                               
0     00081a28  _USER6_ISR                               
0     00081a32  _USER7_ISR                               
0     00081a3c  _USER8_ISR                               
0     00081a46  _USER9_ISR                               
0     00080496  _UploadArmTrigger                        
0     00080677  _UploadBufAddTimePoint                   
0     0008052b  _UploadBufDataSent                       
0     00080903  _UploadBufGetData                        
0     000804f2  _UploadCancelLogging                     
0     0008085c  _UploadCheckEndTrigger                   
0     0008080f  _UploadCheckTrigger                      
0     000804dc  _UploadEndLoggingSession                 
0     000803b4  _UploadInitTrigger                       
0     0008030f  _UploadLogInfoInit                       
0     00080242  _UploadLogInfoReset                      
0     00080272  _UploadLogInfoTerm                       
0     000802df  _UploadPrepareForFinalFlush              
0     00080ed3  _UploadServerWork                        
1     00006200  _UppRegs                                 
0     00081da2  _VCU_ISR                                 
0     00081ab4  _WAKE_ISR                                
1     00007000  _WdRegs                                  
0     00081a8c  _XINT1_ISR                               
0     00081a96  _XINT2_ISR                               
0     00081d84  _XINT3_ISR                               
0     00081d8e  _XINT4_ISR                               
0     00081d98  _XINT5_ISR                               
1     00007920  _XbarRegs                                
1     00007070  _XintRegs                                
1     00000522  __STACK_END                              
abs   00000400  __STACK_SIZE                             
abs   00000400  __SYSMEM_SIZE                            
1     0000c34c  ___TI_cleanup_ptr                        
1     0000c34e  ___TI_dtors_ptr                          
1     0000c34a  ___TI_enable_exit_profile_output         
0     00082c52  ___TI_heap_check                         
0     00082c35  ___TI_heap_largest_available             
0     00082c18  ___TI_heap_total_available               
abs   ffffffff  ___TI_pprof_out_hndl                     
abs   ffffffff  ___TI_prof_data_size                     
abs   ffffffff  ___TI_prof_data_start                    
0     000816b6  ___TI_scanfi                             
abs   ffffffff  ___binit__                               
abs   ffffffff  ___c_args__                              
0     00084e18  ___cinit__                               
0     000846cb  ___etext__                               
abs   ffffffff  ___pinit__                               
0     00080004  ___text__                                
0     0008460d  __args_main                              
0     00084ac2  __ctypes_                                
1     0000c2be  __lock                                   
0     000846a2  __nop                                    
0     0008469e  __register_lock                          
0     0008469a  __register_unlock                        
1     00000122  __stack                                  
1     0000b000  __sys_memory                             
0     000846ca  __system_post_cinit                      
0     000846c8  __system_pre_init                        
1     0000c33e  __unlock                                 
0     000844d6  _abort                                   
0     00083afa  _addElement                              
0     00082b83  _aligned_alloc                           
0     00084451  _atoi                                    
0     00083395  _byteswap_L8exp_esc                      
0     00084645  _c2000_flash_init                        
0     000842e8  _c_int00                                 
0     000841e5  _calculate_crc8_j1850                    
0     0008420a  _calculate_crc8_j1850_bytePacked         
0     000841f0  _calculate_crc8_j1850_withInit           
0     00084215  _calculate_crc8_j1850_withInit_bytePacked
0     00082b5c  _calloc                                  
0     00084416  _config_ADCB_SOC0                        
0     000845f3  _config_ePWM_GPIO                        
0     0008433e  _configureTimer0                         
0     00084572  _copy_in                                 
0     00084668  _copysign                                
0     00084668  _copysignf                               
0     0008454d  _copysignl                               
0     00084bc3  _crc8_table_j1850                        
0     0000806e  _deleteElement                           
0     0008436d  _disableTimer0Interrupt                  
0     00084365  _enableTimer0Interrupt                   
0     00083234  _enable_interrupts_scia                  
1     0000c35e  _errno                                   
1     0000c00a  _etc_motorDriverTest_B                   
1     0000c080  _etc_motorDriverTest_DW                  
0     00084e0c  _etc_motorDriverTest_M                   
1     0000c040  _etc_motorDriverTest_M_                  
1     0000c312  _etc_motorDriverTest_P                   
0     00082318  _etc_motorDriverTest_initialize          
0     00081f8f  _etc_motorDriverTest_step                
0     000824a1  _etc_motorDriverTest_terminate           
0     000844d8  _exit                                    
0     00084237  _floor                                   
0     00084237  _floorf                                  
0     00083999  _fmod                                    
0     00083999  _fmodf                                   
0     00082a19  _free                                    
0     00084642  _globalInterruptDisable                  
0     0008463e  _globalInterruptEnable                   
1     0000c35f  _host_upstatus_is_uploading              
0     00083ad4  _initQue                                 
0     000832e5  _init_SCI_GPIO_external_mode             
0     000832aa  _init_SCI_external_mode                  
0     000840ee  _init_board                              
0     00083ae1  _isEmpty                                 
0     00083aed  _isFull                                  
0     00084290  _ldexp                                   
0     00084290  _ldexpf                                  
0     00083c82  _ldexpl                                  
0     00083be8  _main                                    
0     000829ee  _malloc                                  
0     00082b83  _memalign                                
0     000845d6  _memcpy                                  
0     000846bc  _memset                                  
0     00082b58  _minit                                   
1     0000c351  _modelStatus                             
1     0000c240  _queRx                                   
0     00082ae0  _realloc                                 
0     00084383  _restoreTimer0Interrupt                  
0     0008311e  _rtERTExtModeSetTFinal                   
0     00083233  _rtERTExtModeStartMsg                    
0     000830f8  _rtExtModeCheckEndTrigger                
0     00083101  _rtExtModeCheckInit                      
0     000830df  _rtExtModeOneStep                        
0     0008310f  _rtExtModeParseArgs                      
0     00083097  _rtExtModePauseIfNeeded                  
0     00083109  _rtExtModeShutdown                       
0     000830f0  _rtExtModeUpload                         
0     000830fb  _rtExtModeUploadCheckTrigger             
0     000830b7  _rtExtModeWaitForStartPkt                
0     000843d2  _rtGetInf                                
0     000843eb  _rtGetInfF                               
0     000843f4  _rtGetMinusInf                           
0     0008440d  _rtGetMinusInfF                          
0     00084482  _rtGetNaN                                
0     0008449b  _rtGetNaNF                               
0     00084048  _rtIOStreamBlockingRecv                  
0     0008401e  _rtIOStreamBlockingSend                  
0     00083ff4  _rtIOStreamBlockingSend8Bits             
0     00083255  _rtIOStreamClose                         
0     00083243  _rtIOStreamOpen                          
0     00083292  _rtIOStreamRecv                          
0     00083269  _rtIOStreamSend                          
0     0008325b  _rtIOStreamSend8Bits                     
1     0000c322  _rtInf                                   
1     0000c328  _rtInfF                                  
0     00083df4  _rtIsInf                                 
0     00083e0c  _rtIsInfF                                
0     00083e24  _rtIsNaN                                 
0     00083e47  _rtIsNaNF                                
1     0000c324  _rtMinusInf                              
1     0000c32a  _rtMinusInfF                             
1     0000c326  _rtNaN                                   
1     0000c32c  _rtNaNF                                  
0     0008313d  _rtParseArgsForExtMode                   
0     00083137  _rtSetTFinalForExtMode                   
0     0008104a  _rt_ExtModeInit                          
0     00081195  _rt_ExtModeShutdown                      
0     00081065  _rt_ExtModeSleep                         
0     00083dcc  _rt_InitInfAndNaN                        
0     00083bd2  _rt_OneStep                              
0     00081071  _rt_PktServerWork                        
0     000811e6  _rt_UploadBufAddTimePoint                
0     000811d7  _rt_UploadCheckEndTrigger                
0     000811c6  _rt_UploadCheckTrigger                   
[...]
0     00081f2b  _NOTUSED_ISR                             
0     00081f8f  _etc_motorDriverTest_step                
0     00082318  _etc_motorDriverTest_initialize          
0     000824a1  _etc_motorDriverTest_terminate           
0     000824aa  _InitSysCtrl                             
0     000824db  _InitPeripheralClocks                    
0     0008255f  _DisablePeripheralClocks                 
0     00082577  _SeizeFlashPump_Bank0                    
0     00082586  _SeizeFlashPump_Bank1                    
0     00082595  _ReleaseFlashPump                        
0     0008259f  _ServiceDog                              
0     000825ad  _DisableDog                              
0     000825bb  _InitSysPll                              
0     0008263f  _InitAuxPll                              
0     000826d1  _CsmUnlock                               
0     000826f2  _SysIntOsc1Sel                           
0     000826fc  _SysIntOsc2Sel                           
0     00082706  _SysXtalOscSel                           
0     00082712  _AuxIntOsc2Sel                           
0     0008271c  _AuxXtalOscSel                           
0     00082728  _AuxAuxClkSel                            
0     00082732  _IDLE                                    
0     0008273b  _STANDBY                                 
0     00082746  _HALT                                    
0     00082757  _HIB                                     
0     0008276b  _strtold                                 
0     000829ee  _malloc                                  
0     00082a19  _free                                    
0     00082ae0  _realloc                                 
0     00082b58  _minit                                   
0     00082b5c  _calloc                                  
0     00082b83  _aligned_alloc                           
0     00082b83  _memalign                                
0     00082c18  ___TI_heap_total_available               
0     00082c35  ___TI_heap_largest_available             
0     00082c52  ___TI_heap_check                         
0     00082c54  _InitGpio                                
0     00082c94  _GPIO_SetupPinMux                        
0     00082d20  _GPIO_SetupPinOptions                    
0     00082db4  _GPIO_SetupLock                          
0     00082ddd  _GPIO_SetupXINT1Gpio                     
0     00082de7  _GPIO_SetupXINT2Gpio                     
0     00082df1  _GPIO_SetupXINT3Gpio                     
0     00082dfb  _GPIO_SetupXINT4Gpio                     
0     00082e05  _GPIO_SetupXINT5Gpio                     
0     00082e0f  _GPIO_EnableUnbondedIOPullupsFor176Pin   
0     00082e28  _GPIO_EnableUnbondedIOPullupsFor100Pin   
0     00082e4d  _GPIO_EnableUnbondedIOPullups            
0     00082e63  _GPIO_ReadPin                            
0     00082e7a  _GPIO_WritePin                           
0     00082e98  _strtod                                  
0     00082e98  _strtof                                  
0     00083097  _rtExtModePauseIfNeeded                  
0     000830b7  _rtExtModeWaitForStartPkt                
0     000830df  _rtExtModeOneStep                        
0     000830f0  _rtExtModeUpload                         
0     000830f8  _rtExtModeCheckEndTrigger                
0     000830fb  _rtExtModeUploadCheckTrigger             
0     00083101  _rtExtModeCheckInit                      
0     00083109  _rtExtModeShutdown                       
0     0008310f  _rtExtModeParseArgs                      
0     0008311e  _rtERTExtModeSetTFinal                   
0     00083137  _rtSetTFinalForExtMode                   
0     0008313d  _rtParseArgsForExtMode                   
0     00083233  _rtERTExtModeStartMsg                    
0     00083234  _enable_interrupts_scia                  
0     00083243  _rtIOStreamOpen                          
0     00083255  _rtIOStreamClose                         
0     0008325b  _rtIOStreamSend8Bits                     
0     00083269  _rtIOStreamSend                          
0     00083292  _rtIOStreamRecv                          
0     000832aa  _init_SCI_external_mode                  
0     000832e5  _init_SCI_GPIO_external_mode             
0     000832fa  _scia_rcv_external_mode                  
0     00083324  _scia_xmit_external_mode                 
0     00083345  _IsEscapeChar16bit                       
0     00083395  _byteswap_L8exp_esc                      
0     000833c8  _strtoll                                 
0     00083507  LL$$DIV                                  
0     00083543  LL$$MOD                                  
0     0008357d  ULL$$DIV                                 
0     000835ac  ULL$$MOD                                 
0     0008360e  _strtoull                                
0     00083711  _AdcSetMode                              
0     000837b4  _CalAdcINL                               
0     000837ee  _ExtProcessArgs                          
0     00083844  _ExtUserDataCreate                       
0     00083847  _ExtInit                                 
0     0008384d  _ExtSetHostPkt                           
0     00083868  _ExtSetHostPkt8bit                       
0     00083883  _ExtGetHostPkt                           
0     0008389f  _ExtWaitForStartPktFromHost              
0     000838a4  _ExtUserDataDestroy                      
0     000838a8  _ExtModeSleep                            
0     000838ad  _ExtOpenConnection                       
0     000838b7  _ExtForceDisconnect                      
0     000838bb  _ExtCloseConnection                      
0     000838bf  _ExtShutDown                             
0     000838c6  _strtol                                  
0     00083999  _fmod                                    
0     00083999  _fmodf                                   
0     00083a68  _BytePackerInplace32bits                 
0     00083a8b  _BytePacker32bits                        
0     00083ab1  _BytePacker16bits                        
0     00083ad4  _initQue                                 
0     00083ae1  _isEmpty                                 
0     00083aed  _isFull                                  
0     00083afa  _addElement                              
0     00083b21  _strtoul                                 
0     00083bd2  _rt_OneStep                              
0     00083be8  _main                                    
0     00083c82  _ldexpl                                  
0     00083c82  _scalbnl                                 
0     00083d30  FD$$ADD                                  
0     00083dcc  _rt_InitInfAndNaN                        
0     00083df4  _rtIsInf                                 
0     00083e0c  _rtIsInfF                                
0     00083e24  _rtIsNaN                                 
0     00083e47  _rtIsNaNF                                
0     00083e5e  FD$$DIV                                  
0     00083ee9  FS$$DIV                                  
0     00083f71  FD$$MPY                                  
0     00083ff4  _rtIOStreamBlockingSend8Bits             
0     0008401e  _rtIOStreamBlockingSend                  
0     00084048  _rtIOStreamBlockingRecv                  
0     00084072  _InitCpuTimers                           
0     000840b3  _ConfigCpuTimer                          
0     000840ee  _init_board                              
0     00084164  _vsscanf                                 
0     00084174  _sscanf                                  
0     000841d1  _verify_crc8_j1850                       
0     000841e5  _calculate_crc8_j1850                    
0     000841f0  _calculate_crc8_j1850_withInit           
0     0008420a  _calculate_crc8_j1850_bytePacked         
0     00084215  _calculate_crc8_j1850_withInit_bytePacked
0     00084237  _floor                                   
0     00084237  _floorf                                  
0     00084290  _ldexp                                   
0     00084290  _ldexpf                                  
0     00084290  _scalbn                                  
0     00084290  _scalbnf                                 
0     000842e8  _c_int00                                 
0     0008433e  _configureTimer0                         
0     00084365  _enableTimer0Interrupt                   
0     0008436d  _disableTimer0Interrupt                  
0     00084383  _restoreTimer0Interrupt                  
0     0008438e  _TINT0_isr                               
0     000843d2  _rtGetInf                                
0     000843eb  _rtGetInfF                               
0     000843f4  _rtGetMinusInf                           
0     0008440d  _rtGetMinusInfF                          
0     00084416  _config_ADCB_SOC0                        
0     00084434  _InitAdcB                                
0     00084451  _atoi                                    
0     00084482  _rtGetNaN                                
0     0008449b  _rtGetNaNF                               
0     000844ac  FD$$CMP                                  
0     000844d6  C$$EXIT                                  
0     000844d6  _abort                                   
0     000844d8  _exit                                    
0     000844ff  _InitPieCtrl                             
0     0008451e  _EnableInterrupts                        
0     00084527  _InitPieVectTable                        
0     0008454d  _copysignl                               
0     00084572  _copy_in                                 
0     00084596  I$$DIV                                   
0     000845a7  I$$MOD                                   
0     000845b8  LL$$CMP                                  
0     000845ca  ULL$$CMP                                 
0     000845d6  _memcpy                                  
0     000845f3  _config_ePWM_GPIO                        
0     0008460d  __args_main                              
0     00084626  LL$$AND                                  
0     0008462e  LL$$OR                                   
0     00084636  LL$$XOR                                  
0     0008463e  _globalInterruptEnable                   
0     00084642  _globalInterruptDisable                  
0     00084645  _c2000_flash_init                        
0     00084654  LL$$MPY                                  
0     00084668  _copysign                                
0     00084668  _copysignf                               
0     00084679  _strchr                                  
0     00084685  _strrchr                                 
0     00084690  _strcmp                                  
0     0008469a  __register_unlock                        
0     0008469e  __register_lock                          
0     000846a2  __nop                                    
0     000846a3  FD$$NEG                                  
0     000846b4  _strlen                                  
0     000846bc  _memset                                  
0     000846c3  _strcpy                                  
0     000846c8  __system_pre_init                        
0     000846ca  __system_post_cinit                      
0     000846cb  ___etext__                               
0     000846cb  etext                                    
0     000846cc  _RamfuncsLoadStart                       
0     000847e2  _RamfuncsLoadEnd                         
0     000847e4  _PieVectTableInit                        
0     00084ac2  __ctypes_                                
0     00084bc3  _crc8_table_j1850                        
0     00084e0c  _etc_motorDriverTest_M                   
0     00084e18  ___cinit__                               
0     00084e18  cinit                                    
1     00000122  __stack                                  
1     00000522  __STACK_END                              
1     00000b00  _AdcaResultRegs                          
1     00000b20  _AdcbResultRegs                          
1     00000b40  _AdccResultRegs                          
1     00000b60  _AdcdResultRegs                          
1     00000c00  _CpuTimer0Regs                           
1     00000c08  _CpuTimer1Regs                           
1     00000c10  _CpuTimer2Regs                           
1     00000ce0  _PieCtrlRegs                             
1     00000d00  _EmuKey                                  
1     00000d00  _PieVectTable                            
1     00000d01  _EmuBMode                                
1     00001000  _DmaRegs                                 
1     00001400  _Cla1Regs                                
1     00004000  _EPwm1Regs                               
1     00004100  _EPwm2Regs                               
1     00004200  _EPwm3Regs                               
1     00004300  _EPwm4Regs                               
1     00004400  _EPwm5Regs                               
1     00004500  _EPwm6Regs                               
1     00004600  _EPwm7Regs                               
1     00004700  _EPwm8Regs                               
1     00004800  _EPwm9Regs                               
1     00004900  _EPwm10Regs                              
1     00004a00  _EPwm11Regs                              
1     00004b00  _EPwm12Regs                              
1     00005000  _ECap1Regs                               
1     00005020  _ECap2Regs                               
1     00005040  _ECap3Regs                               
1     00005060  _ECap4Regs                               
1     00005080  _ECap5Regs                               
1     000050a0  _ECap6Regs                               
1     00005100  _EQep1Regs                               
1     00005140  _EQep2Regs                               
1     00005180  _EQep3Regs                               
1     00005c00  _DacaRegs                                
1     00005c10  _DacbRegs                                
1     00005c20  _DaccRegs                                
1     00005c80  _Cmpss1Regs                              
1     00005ca0  _Cmpss2Regs                              
1     00005cc0  _Cmpss3Regs                              
1     00005ce0  _Cmpss4Regs                              
1     00005d00  _Cmpss5Regs                              
1     00005d20  _Cmpss6Regs                              
1     00005d40  _Cmpss7Regs                              
1     00005d60  _Cmpss8Regs                              
1     00005e00  _Sdfm1Regs                               
1     00005e80  _Sdfm2Regs                               
1     00006000  _McbspaRegs                              
1     00006040  _McbspbRegs                              
1     00006100  _SpiaRegs                                
1     00006110  _SpibRegs                                
1     00006120  _SpicRegs                                
1     00006200  _UppRegs                                 
1     00007000  _WdRegs                                  
1     00007060  _NmiIntruptRegs                          
1     00007070  _XintRegs                                
1     00007200  _SciaRegs                                
1     00007210  _ScibRegs                                
1     00007220  _ScicRegs                                
1     00007230  _ScidRegs                                
1     00007300  _I2caRegs                                
1     00007340  _I2cbRegs                                
1     00007400  _AdcaRegs                                
1     00007480  _AdcbRegs                                
1     00007500  _AdccRegs                                
1     00007580  _AdcdRegs                                
1     00007900  _InputXbarRegs                           
1     00007920  _XbarRegs                                
1     00007940  _SyncSocRegs                             
1     00007980  _DmaClaSrcSelRegs                        
1     00007a00  _EPwmXbarRegs                            
1     00007a80  _OutputXbarRegs                          
1     00007c00  _GpioCtrlRegs                            
1     00007f00  _GpioDataRegs                            
1     0000b000  __sys_memory                             
1     0000c000  _MW_adcBInitFlag                         
1     0000c00a  _etc_motorDriverTest_B                   
1     0000c040  _etc_motorDriverTest_M_                  
1     0000c080  _etc_motorDriverTest_DW                  
1     0000c1b2  _seqId                                   
1     0000c23c  _IsrOverrun                              
1     0000c23e  _stopRequested                           
1     0000c23f  _runModel                                
1     0000c240  _queRx                                   
1     0000c2be  __lock                                   
1     0000c2c0  _srcSerial                               
1     0000c2e0  _CpuTimer0                               
1     0000c2e8  _CpuTimer1                               
1     0000c2f0  _CpuTimer2                               
1     0000c312  _etc_motorDriverTest_P                   
1     0000c322  _rtInf                                   
1     0000c324  _rtMinusInf                              
1     0000c326  _rtNaN                                   
1     0000c328  _rtInfF                                  
1     0000c32a  _rtMinusInfF                             
1     0000c32c  _rtNaNF                                  
1     0000c33e  __unlock                                 
1     0000c34a  ___TI_enable_exit_profile_output         
1     0000c34c  ___TI_cleanup_ptr                        
1     0000c34e  ___TI_dtors_ptr                          
1     0000c350  _startModel                              
1     0000c351  _modelStatus                             
1     0000c35e  _errno                                   
1     0000c35f  _host_upstatus_is_uploading              
1     00047000  _Emif1Regs                               
1     00047800  _Emif2Regs                               
1     00050024  _FlashPumpSemaphoreRegs                  
1     0005d000  _DevCfgRegs                              
1     0005d180  _AnalogSubsysRegs                        
1     0005d200  _ClkCfgRegs                              
1     0005d300  _CpuSysRegs                              
1     0005e608  _RomPrefetchRegs                         
1     0005f000  _DcsmZ1Regs                              
1     0005f040  _DcsmZ2Regs                              
1     0005f070  _DcsmCommonRegs                          
1     0005f400  _MemCfgRegs                              
1     0005f480  _Emif1ConfigRegs                         
1     0005f4a0  _Emif2ConfigRegs                         
1     0005f4c0  _AccessProtectionRegs                    
1     0005f500  _MemoryErrorRegs                         
1     0005f540  _RomWaitStateRegs                        
1     0005f800  _Flash0CtrlRegs                          
1     0005fb00  _Flash0EccRegs                           
1     0005fc00  _Flash1CtrlRegs                          
1     0005ff00  _Flash1EccRegs                           
1     00078000  _DcsmZ1Otp                               
1     00078200  _DcsmZ2Otp                               
abs   00000116  _RamfuncsLoadSize                        
abs   00000116  _RamfuncsRunSize                         
abs   00000400  __STACK_SIZE                             
abs   00000400  __SYSMEM_SIZE                            
abs   ffffffff  ___TI_pprof_out_hndl                     
abs   ffffffff  ___TI_prof_data_size                     
abs   ffffffff  ___TI_prof_data_start                    
abs   ffffffff  ___binit__                               
abs   ffffffff  ___c_args__                              
abs   ffffffff  ___pinit__                               
abs   ffffffff  binit                                    
abs   ffffffff  pinit                                    

[524 symbols]
